// Jest Snapshot v1, https://goo.gl/fbAQLP

exports[`Rendering  1`] = `<NavigationContainer />`;
