// Jest Snapshot v1, https://goo.gl/fbAQLP

exports[`Rendering Component with default props 1`] = `
<Spinner
  size="large"
/>
`;
